   Γû▓ Next.js 15.1.6

   Creating an optimized production build ...
node.exe : [Error: 
Cannot apply unknown 
utility class 
`text-foreground`]
At line:1 char:1
+ & "C:\Program Files\
nodejs/node.exe" 
"C:\Program 
Files\nodejs/node_mo 
...
+ ~~~~~~~~~~~~~~~~~~~~
~~~~~~~~~~~~~~~~~~~~~~
~~~~~~~~~~~~~~~~~~~~~~
~~~~~
    + CategoryInfo    
          : NotSpeci  
  fied: ([Error: Ca   
 nnot ...xt-foregr    
ound`]:String) []    
, RemoteException
    + FullyQualifiedE 
   rrorId : NativeCo  
  mmandError
 
<w> [webpack.cache.Pac
kFileCacheStrategy] 
Skipped not 
serializable cache 
item 'Compilation/modu
les|E:\Agency 
Works\AUREX 
Chrono\AUREX Chrono\no
de_modules\next\dist\b
uild\webpack\loaders\c
ss-loader\src\index.js
??ruleSet[1].rules[13]
.oneOf[10].use[2]!E:\A
gency Works\AUREX 
Chrono\AUREX Chrono\no
de_modules\next\dist\b
uild\webpack\loaders\p
ostcss-loader\src\inde
x.js??ruleSet[1].rules
[13].oneOf[10].use[3]!
E:\Agency Works\AUREX 
Chrono\AUREX Chrono\sr
c\app\globals.css': 
No serializer 
registered for 
PostCSSSyntaxError
<w> while serializing 
webpack/lib/cache/Pack
FileCacheStrategy.Pack
ContentItems -> webpac
k/lib/NormalModule -> 
webpack/lib/ModuleBuil
dError -> 
PostCSSSyntaxError
Failed to compile.

./src/app/globals.css:
1:1
Syntax error: 
tailwindcss: 
E:\Agency Works\AUREX 
Chrono\AUREX Chrono\sr
c\app\globals.css 
Cannot apply unknown 
utility class 
`text-foreground`

[1m[31m>[39m[22m[
90m 1 | [39m[36m@imp
ort[39m [32m"tailwin
dcss"[39m[33m;[39m
 [90m   | [39m[1m[
31m^[39m[22m
 [90m 2 | [39m
 [90m 3 | 
[39m[36m@theme[39m 
[33m{[39m

./src/app/globals.css
Syntax error: 
tailwindcss: 
E:\Agency Works\AUREX 
Chrono\AUREX Chrono\sr
c\app\globals.css 
Cannot apply unknown 
utility class 
`text-foreground` 
(1:1)

[1m[31m>[39m[22m[
90m 1 | [39m[36m@imp
ort[39m [32m"tailwin
dcss"[39m[33m;[39m
 [90m   | [39m[1m[
31m^[39m[22m
 [90m 2 | [39m
 [90m 3 | 
[39m[36m@theme[39m 
[33m{[39m

    at 
tryRunOrWebpackError 
(E:\Agency 
Works\AUREX 
Chrono\AUREX Chrono\no
de_modules\next\dist\c
ompiled\webpack\bundle
5.js:28:314962)
    at __webpack_requi
re_module__ 
(E:\Agency 
Works\AUREX 
Chrono\AUREX Chrono\no
de_modules\next\dist\c
ompiled\webpack\bundle
5.js:28:131434)
    at __nested_webpac
k_require_161179__ 
(E:\Agency 
Works\AUREX 
Chrono\AUREX Chrono\no
de_modules\next\dist\c
ompiled\webpack\bundle
5.js:28:130872)
    at E:\Agency 
Works\AUREX 
Chrono\AUREX Chrono\no
de_modules\next\dist\c
ompiled\webpack\bundle
5.js:28:131723
    at symbolIterator 
(E:\Agency 
Works\AUREX 
Chrono\AUREX Chrono\no
de_modules\next\dist\c
ompiled\neo-async\asyn
c.js:1:14444)
    at done 
(E:\Agency 
Works\AUREX 
Chrono\AUREX Chrono\no
de_modules\next\dist\c
ompiled\neo-async\asyn
c.js:1:14824)
    at Hook.eval [as 
callAsync] (eval at 
create (E:\Agency 
Works\AUREX 
Chrono\AUREX Chrono\no
de_modules\next\dist\c
ompiled\webpack\bundle
5.js:13:9218), 
<anonymous>:15:1)
    at Hook.CALL_ASYNC
_DELEGATE [as 
_callAsync] 
(E:\Agency 
Works\AUREX 
Chrono\AUREX Chrono\no
de_modules\next\dist\c
ompiled\webpack\bundle
5.js:13:6372)
    at E:\Agency 
Works\AUREX 
Chrono\AUREX Chrono\no
de_modules\next\dist\c
ompiled\webpack\bundle
5.js:28:130593
    at symbolIterator 
(E:\Agency 
Works\AUREX 
Chrono\AUREX Chrono\no
de_modules\next\dist\c
ompiled\neo-async\asyn
c.js:1:14402)
-- inner error --
Syntax error: 
tailwindcss: 
E:\Agency Works\AUREX 
Chrono\AUREX Chrono\sr
c\app\globals.css 
Cannot apply unknown 
utility class 
`text-foreground` 
(1:1)

[1m[31m>[39m[22m[
90m 1 | [39m[36m@imp
ort[39m [32m"tailwin
dcss"[39m[33m;[39m
 [90m   | [39m[1m[
31m^[39m[22m
 [90m 2 | [39m
 [90m 3 | 
[39m[36m@theme[39m 
[33m{[39m

    at 
Object.<anonymous> 
(E:\Agency 
Works\AUREX 
Chrono\AUREX Chrono\no
de_modules\next\dist\b
uild\webpack\loaders\c
ss-loader\src\index.js
??ruleSet[1].rules[13]
.oneOf[10].use[2]!E:\A
gency Works\AUREX 
Chrono\AUREX Chrono\no
de_modules\next\dist\b
uild\webpack\loaders\p
ostcss-loader\src\inde
x.js??ruleSet[1].rules
[13].oneOf[10].use[3]!
E:\Agency Works\AUREX 
Chrono\AUREX Chrono\sr
c\app\globals.css:1:7)
    at E:\Agency 
Works\AUREX 
Chrono\AUREX Chrono\no
de_modules\next\dist\c
ompiled\webpack\bundle
5.js:28:955548
    at Hook.eval [as 
call] (eval at create 
(E:\Agency 
Works\AUREX 
Chrono\AUREX Chrono\no
de_modules\next\dist\c
ompiled\webpack\bundle
5.js:13:8996), 
<anonymous>:7:1)
    at 
Hook.CALL_DELEGATE 
[as _call] (E:\Agency 
Works\AUREX 
Chrono\AUREX Chrono\no
de_modules\next\dist\c
ompiled\webpack\bundle
5.js:13:6266)
    at E:\Agency 
Works\AUREX 
Chrono\AUREX Chrono\no
de_modules\next\dist\c
ompiled\webpack\bundle
5.js:28:131467
    at 
tryRunOrWebpackError 
(E:\Agency 
Works\AUREX 
Chrono\AUREX Chrono\no
de_modules\next\dist\c
ompiled\webpack\bundle
5.js:28:314916)
    at __webpack_requi
re_module__ 
(E:\Agency 
Works\AUREX 
Chrono\AUREX Chrono\no
de_modules\next\dist\c
ompiled\webpack\bundle
5.js:28:131434)
    at __nested_webpac
k_require_161179__ 
(E:\Agency 
Works\AUREX 
Chrono\AUREX Chrono\no
de_modules\next\dist\c
ompiled\webpack\bundle
5.js:28:130872)
    at E:\Agency 
Works\AUREX 
Chrono\AUREX Chrono\no
de_modules\next\dist\c
ompiled\webpack\bundle
5.js:28:131723
    at symbolIterator 
(E:\Agency 
Works\AUREX 
Chrono\AUREX Chrono\no
de_modules\next\dist\c
ompiled\neo-async\asyn
c.js:1:14444)

Generated code for 
E:\Agency Works\AUREX 
Chrono\AUREX Chrono\no
de_modules\next\dist\b
uild\webpack\loaders\c
ss-loader\src\index.js
??ruleSet[1].rules[13]
.oneOf[10].use[2]!E:\A
gency Works\AUREX 
Chrono\AUREX Chrono\no
de_modules\next\dist\b
uild\webpack\loaders\p
ostcss-loader\src\inde
x.js??ruleSet[1].rules
[13].oneOf[10].use[3]!
E:\Agency Works\AUREX 
Chrono\AUREX Chrono\sr
c\app\globals.css

Import trace for 
requested module:
./src/app/globals.css


> Build failed 
because of webpack 
errors
